Microsoft Windows [Version 10.0.22631.4460]
(c) Microsoft Corporation. All rights reserved.

C:\Users\Kite\AndroidStudioProjects\Phalanx>