WARNING: We recommend using a newer Android Gradle plugin to use compileSdk = 36

This Android Gradle plugin (8.7.0) was tested up to compileSdk = 35.

You are strongly encouraged to update your project to use a newer
Android Gradle plugin that has been tested with compileSdk = 36.

If you are already using the latest version of the Android Gradle plugin,
you may need to wait until a newer version with support for compileSdk = 36 is available.

For more information refer to the compatibility table:
https://d.android.com/r/tools/api-level-support

To suppress this warning, add/update
    android.suppressUnsupportedCompileSdk=36
to this project's gradle.properties.
> Task :app:preBuild UP-TO-DATE
> Task :app:preDebugBuild UP-TO-DATE
> Task :app:checkKotlinGradlePluginConfigurationErrors SKIPPED
> Task :app:checkDebugAarMetadata UP-TO-DATE
> Task :app:generateDebugResValues UP-TO-DATE
> Task :app:mapDebugSourceSetPaths UP-TO-DATE
> Task :app:generateDebugResources UP-TO-DATE
> Task :app:mergeDebugResources UP-TO-DATE
> Task :app:packageDebugResources UP-TO-DATE
> Task :app:parseDebugLocalResources UP-TO-DATE
> Task :app:createDebugCompatibleScreenManifests UP-TO-DATE
> Task :app:extractDeepLinksDebug UP-TO-DATE
> Task :app:processDebugMainManifest UP-TO-DATE
> Task :app:processDebugManifest UP-TO-DATE
> Task :app:processDebugManifestForPackage UP-TO-DATE
> Task :app:processDebugResources UP-TO-DATE
> Task :app:kspDebugKotlin UP-TO-DATE
> Task :app:compileDebugKotlin UP-TO-DATE
> Task :app:javaPreCompileDebug UP-TO-DATE
> Task :app:compileDebugJavaWithJavac UP-TO-DATE
> Task :app:hiltAggregateDepsDebug UP-TO-DATE
> Task :app:hiltJavaCompileDebug UP-TO-DATE
> Task :app:transformDebugClassesWithAsm UP-TO-DATE
> Task :app:bundleDebugClassesToRuntimeJar UP-TO-DATE
> Task :app:preDebugUnitTestBuild UP-TO-DATE
> Task :app:processDebugJavaRes UP-TO-DATE
> Task :app:bundleDebugClassesToCompileJar UP-TO-DATE
> Task :app:kspDebugUnitTestKotlin UP-TO-DATE
> Task :app:compileDebugUnitTestKotlin UP-TO-DATE
> Task :app:javaPreCompileDebugUnitTest UP-TO-DATE
> Task :app:compileDebugUnitTestJavaWithJavac NO-SOURCE
> Task :app:hiltAggregateDepsDebugUnitTest UP-TO-DATE
> Task :app:hiltJavaCompileDebugUnitTest NO-SOURCE
> Task :app:processDebugUnitTestJavaRes UP-TO-DATE
> Task :app:transformDebugUnitTestClassesWithAsm UP-TO-DATE

> Task :app:testDebugUnitTest

SenderPackRepositoryImplTest > findMatchingSenders handles special characters FAILED
    java.lang.AssertionError at SenderPackRepositoryImplTest.kt:251

SenderPackRepositoryImplTest > pack has valid timestamp FAILED
    java.lang.AssertionError at SenderPackRepositoryImplTest.kt:180

SenderPackRepositoryImplTest > getCurrentPack returns pack after loading FAILED
    java.lang.AssertionError at SenderPackRepositoryImplTest.kt:149

SenderPackRepositoryImplTest > pack contains multiple carrier entries FAILED
    java.lang.AssertionError at SenderPackRepositoryImplTest.kt:269

SenderPackRepositoryImplTest > pack contains multiple bank entries FAILED
    java.lang.AssertionError at SenderPackRepositoryImplTest.kt:285

SenderPackRepositoryImplTest > loadPack caches pack in memory FAILED
    java.lang.AssertionError at SenderPackRepositoryImplTest.kt:159

SenderPackRepositoryImplTest > entries have expected sender types FAILED
    java.lang.AssertionError at SenderPackRepositoryImplTest.kt:227

SenderPackRepositoryImplTest > findMatchingSenders is case insensitive FAILED
    java.lang.AssertionError at SenderPackRepositoryImplTest.kt:130

SenderPackRepositoryImplTest > loaded pack has expected entries FAILED
    java.lang.AssertionError at SenderPackRepositoryImplTest.kt:52

SenderPackRepositoryImplTest > findMatchingSenders handles AX-AIRTEL pattern FAILED
    java.lang.AssertionError at SenderPackRepositoryImplTest.kt:101

SenderPackRepositoryImplTest > pack contains HDFC Bank entry FAILED
    java.lang.AssertionError at SenderPackRepositoryImplTest.kt:63

SenderPackRepositoryImplTest > findMatchingSenders returns HDFC for HDFCBK FAILED
    java.lang.AssertionError at SenderPackRepositoryImplTest.kt:91

SenderPackRepositoryImplTest > findMatchingSenders handles AIRTEL without prefix FAILED
    java.lang.AssertionError at SenderPackRepositoryImplTest.kt:111

SenderPackRepositoryImplTest > pack has development signature FAILED
    java.lang.NullPointerException at SenderPackRepositoryImplTest.kt:82

SenderPackRepositoryImplTest > loadPack returns valid pack for IN region FAILED
    java.lang.AssertionError at SenderPackRepositoryImplTest.kt:42

SenderPackRepositoryImplTest > pack has valid version number FAILED
    java.lang.AssertionError at SenderPackRepositoryImplTest.kt:171

SenderPackRepositoryImplTest > pack contains Airtel entry FAILED
    java.lang.AssertionError at SenderPackRepositoryImplTest.kt:73

CheckSenderMismatchUseCaseTest > detects government agency impersonation FAILED
    java.lang.RuntimeException at CheckSenderMismatchUseCaseTest.kt:108

CheckSenderMismatchUseCaseTest > handles special characters in sender ID FAILED
    java.lang.RuntimeException at CheckSenderMismatchUseCaseTest.kt:265

CheckSenderMismatchUseCaseTest > legitimate sender with different casing FAILED
    java.lang.RuntimeException at CheckSenderMismatchUseCaseTest.kt:250

CheckSenderMismatchUseCaseTest > no signals when no brand mentioned FAILED
    java.lang.RuntimeException at CheckSenderMismatchUseCaseTest.kt:167

CheckSenderMismatchUseCaseTest > detects mismatch for carrier brand FAILED
    java.lang.RuntimeException at CheckSenderMismatchUseCaseTest.kt:79

CheckSenderMismatchUseCaseTest > metadata contains detection source FAILED
    java.lang.RuntimeException at CheckSenderMismatchUseCaseTest.kt:236

CheckSenderMismatchUseCaseTest > keyword detection for brand aliases FAILED
    java.lang.RuntimeException at CheckSenderMismatchUseCaseTest.kt:207

CheckSenderMismatchUseCaseTest > no mismatch when sender matches claimed brand FAILED
    java.lang.RuntimeException at CheckSenderMismatchUseCaseTest.kt:34

CheckSenderMismatchUseCaseTest > no signals when empty message FAILED
    java.lang.RuntimeException at CheckSenderMismatchUseCaseTest.kt:179

CheckSenderMismatchUseCaseTest > legitimate Airtel sender with AX prefix FAILED
    java.lang.RuntimeException at CheckSenderMismatchUseCaseTest.kt:95

CheckSenderMismatchUseCaseTest > multiple brand claims detected FAILED
    java.lang.RuntimeException at CheckSenderMismatchUseCaseTest.kt:191

CheckSenderMismatchUseCaseTest > mismatch when sender does not match claimed brand FAILED
    java.lang.RuntimeException at CheckSenderMismatchUseCaseTest.kt:47

CheckSenderMismatchUseCaseTest > handles international phone number as sender FAILED
    java.lang.RuntimeException at CheckSenderMismatchUseCaseTest.kt:277

CheckSenderMismatchUseCaseTest > no false positive for substring matches FAILED
    java.lang.RuntimeException at CheckSenderMismatchUseCaseTest.kt:64

CheckSenderMismatchUseCaseTest > returns empty list when sender pack not loaded FAILED
    java.lang.RuntimeException at CheckSenderMismatchUseCaseTest.kt:221

CheckSenderMismatchUseCaseTest > detects ecommerce impersonation FAILED
    java.lang.RuntimeException at CheckSenderMismatchUseCaseTest.kt:138

CheckSenderMismatchUseCaseTest > case insensitive brand matching FAILED
    java.lang.RuntimeException at CheckSenderMismatchUseCaseTest.kt:153

CheckSenderMismatchUseCaseTest > detects payment service impersonation FAILED
    java.lang.RuntimeException at CheckSenderMismatchUseCaseTest.kt:123

SignatureVerifierTest > verify returns false for excessively long signature FAILED
    java.lang.RuntimeException at SignatureVerifierTest.kt:174

SignatureVerifierTest > verify handles empty message FAILED
    java.lang.RuntimeException at SignatureVerifierTest.kt:120

SignatureVerifierTest > verify known message with development key FAILED
    java.lang.RuntimeException at SignatureVerifierTest.kt:196

SignatureVerifierTest > verify returns false for short signature FAILED
    java.lang.RuntimeException at SignatureVerifierTest.kt:163

SignatureVerifierTest > verify returns false for placeholder signature FAILED
    java.lang.RuntimeException at SignatureVerifierTest.kt:106

SignatureVerifierTest > extension function works FAILED
    java.lang.RuntimeException at SignatureVerifierTest.kt:142

SignatureVerifierTest > verify returns false for malformed signature hex FAILED
    java.lang.RuntimeException at SignatureVerifierTest.kt:152

SignatureVerifierTest > hexToBytes throws on odd-length hex string FAILED
    java.lang.Exception at ExpectException.java:30
        Caused by: java.lang.reflect.InvocationTargetException at SignatureVerifierTest.kt:61
            Caused by: java.lang.IllegalArgumentException at SignatureVerifierTest.kt:61

SignatureVerifierTest > verify handles byte array overload FAILED
    java.lang.RuntimeException at SignatureVerifierTest.kt:131

.\gradlew.bat : Java HotSpot(TM) 64-Bit Server VM warning: Sharing is only supported for boot loader classes because 
bootstrap classpath has been appended
At line:1 char:1
+ .\gradlew.bat testDebugUnitTest 2>&1 | Tee-Object -FilePath test-outp ...
+ ~~~~~~~~~~~~~~~~~~~~~~~~~~~~~~~~~~~~
    + CategoryInfo          : NotSpecified: (Java HotSpot(TM...s been appended:String) [], RemoteException
    + FullyQualifiedErrorId : NativeCommandError
 
Java HotSpot(TM) 64-Bit Server VM warning: Sharing is only supported for boot loader classes because bootstrap 
classpath has been appended

> Task :app:testDebugUnitTest FAILED

242 tests completed, 44 failed, 2 skipped

FAILURE: Build failed with an exception.

* What went wrong:
Execution failed for task ':app:testDebugUnitTest'.
> There were failing tests. See the report at: 
file:///C:/Users/Kite/AndroidStudioProjects/Phalanx/app/build/reports/tests/testDebugUnitTest/index.html

* Try:
> Run with --scan to get full insights.

BUILD FAILED in 7s
30 actionable tasks: 1 executed, 29 up-to-date
